[2026-07-22T04:10:06.423+0000] {local_task_job_runner.py:123} INFO - ::group::Pre task execution logs
[2026-07-22T04:10:06.438+0000] {taskinstance.py:2631} INFO - Dependencies all met for dep_context=non-requeueable deps ti=<TaskInstance: olist_gcp_data_engineering_pipeline.create_bigquery_tables manual__2026-07-22T04:09:27.887367+00:00 [queued]>
[2026-07-22T04:10:06.443+0000] {taskinstance.py:2631} INFO - Dependencies all met for dep_context=requeueable deps ti=<TaskInstance: olist_gcp_data_engineering_pipeline.create_bigquery_tables manual__2026-07-22T04:09:27.887367+00:00 [queued]>
[2026-07-22T04:10:06.444+0000] {taskinstance.py:2884} INFO - Starting attempt 1 of 3
[2026-07-22T04:10:06.450+0000] {taskinstance.py:2907} INFO - Executing <Task(PythonOperator): create_bigquery_tables> on 2026-07-22 04:09:27.887367+00:00
[2026-07-22T04:10:06.453+0000] {standard_task_runner.py:72} INFO - Started process 267 to run task
[2026-07-22T04:10:06.455+0000] {standard_task_runner.py:104} INFO - Running: ['***', 'tasks', 'run', 'olist_gcp_data_engineering_pipeline', 'create_bigquery_tables', 'manual__2026-07-22T04:09:27.887367+00:00', '--job-id', '9', '--raw', '--subdir', 'DAGS_FOLDER/olist_pipeline.py', '--cfg-path', '/tmp/tmps6ktrsby']
[2026-07-22T04:10:06.457+0000] {standard_task_runner.py:105} INFO - Job 9: Subtask create_bigquery_tables
[2026-07-22T04:10:06.486+0000] {task_command.py:467} INFO - Running <TaskInstance: olist_gcp_data_engineering_pipeline.create_bigquery_tables manual__2026-07-22T04:09:27.887367+00:00 [running]> on host 0539e6447189
[2026-07-22T04:10:06.535+0000] {taskinstance.py:3157} INFO - Exporting env vars: AIRFLOW_CTX_DAG_OWNER='Luqman' AIRFLOW_CTX_DAG_ID='olist_gcp_data_engineering_pipeline' AIRFLOW_CTX_TASK_ID='create_bigquery_tables' AIRFLOW_CTX_EXECUTION_DATE='2026-07-22T04:09:27.887367+00:00' AIRFLOW_CTX_TRY_NUMBER='1' AIRFLOW_CTX_DAG_RUN_ID='manual__2026-07-22T04:09:27.887367+00:00'
[2026-07-22T04:10:06.535+0000] {taskinstance.py:740} INFO - ::endgroup::
[2026-07-22T04:10:06.542+0000] {logging_mixin.py:190} INFO - ======================================================================
[2026-07-22T04:10:06.543+0000] {logging_mixin.py:190} INFO - Create BigQuery Tables
[2026-07-22T04:10:06.543+0000] {logging_mixin.py:190} INFO - ======================================================================
[2026-07-22T04:10:06.543+0000] {logging_mixin.py:190} INFO - Dataset : olist_analytics
[2026-07-22T04:10:06.544+0000] {logging_mixin.py:190} INFO - Dataset : olist_raw
[2026-07-22T04:10:07.042+0000] {logging_mixin.py:190} INFO - ✓ olist_customers_dataset
[2026-07-22T04:10:07.402+0000] {logging_mixin.py:190} INFO - ✓ olist_geolocation_dataset
[2026-07-22T04:10:07.661+0000] {logging_mixin.py:190} INFO - ✓ olist_order_items_dataset
[2026-07-22T04:10:07.941+0000] {logging_mixin.py:190} INFO - ✓ olist_order_payments_dataset
[2026-07-22T04:10:08.217+0000] {logging_mixin.py:190} INFO - ✓ olist_order_reviews_dataset
[2026-07-22T04:10:08.548+0000] {logging_mixin.py:190} INFO - ✓ olist_orders_dataset
[2026-07-22T04:10:09.020+0000] {logging_mixin.py:190} INFO - ✓ olist_products_dataset
[2026-07-22T04:10:09.289+0000] {logging_mixin.py:190} INFO - ✓ olist_sellers_dataset
[2026-07-22T04:10:09.522+0000] {logging_mixin.py:190} INFO - ✓ product_category_name_translation
[2026-07-22T04:10:09.747+0000] {logging_mixin.py:190} INFO - ✓ weather_historical
[2026-07-22T04:10:09.748+0000] {logging_mixin.py:190} INFO - ======================================================================
[2026-07-22T04:10:09.748+0000] {logging_mixin.py:190} INFO - Completed
[2026-07-22T04:10:09.748+0000] {logging_mixin.py:190} INFO - ======================================================================
[2026-07-22T04:10:09.748+0000] {python.py:240} INFO - Done. Returned value was: None
[2026-07-22T04:10:09.759+0000] {taskinstance.py:349} INFO - ::group::Post task execution logs
[2026-07-22T04:10:09.759+0000] {taskinstance.py:361} INFO - Marking task as SUCCESS. dag_id=olist_gcp_data_engineering_pipeline, task_id=create_bigquery_tables, run_id=manual__2026-07-22T04:09:27.887367+00:00, execution_date=20260722T040927, start_date=20260722T041006, end_date=20260722T041009
[2026-07-22T04:10:09.822+0000] {local_task_job_runner.py:266} INFO - Task exited with return code 0
[2026-07-22T04:10:09.843+0000] {taskinstance.py:3924} INFO - 1 downstream tasks scheduled from follow-on schedule check
[2026-07-22T04:10:09.844+0000] {local_task_job_runner.py:245} INFO - ::endgroup::
