[2026-07-22T02:22:32.171+0000] {local_task_job_runner.py:123} INFO - ::group::Pre task execution logs
[2026-07-22T02:22:32.187+0000] {taskinstance.py:2631} INFO - Dependencies all met for dep_context=non-requeueable deps ti=<TaskInstance: olist_gcp_data_engineering_pipeline.create_bigquery_tables manual__2026-07-22T02:21:53.541440+00:00 [queued]>
[2026-07-22T02:22:32.192+0000] {taskinstance.py:2631} INFO - Dependencies all met for dep_context=requeueable deps ti=<TaskInstance: olist_gcp_data_engineering_pipeline.create_bigquery_tables manual__2026-07-22T02:21:53.541440+00:00 [queued]>
[2026-07-22T02:22:32.192+0000] {taskinstance.py:2884} INFO - Starting attempt 1 of 3
[2026-07-22T02:22:32.199+0000] {taskinstance.py:2907} INFO - Executing <Task(PythonOperator): create_bigquery_tables> on 2026-07-22 02:21:53.541440+00:00
[2026-07-22T02:22:32.202+0000] {standard_task_runner.py:72} INFO - Started process 224 to run task
[2026-07-22T02:22:32.206+0000] {standard_task_runner.py:104} INFO - Running: ['***', 'tasks', 'run', 'olist_gcp_data_engineering_pipeline', 'create_bigquery_tables', 'manual__2026-07-22T02:21:53.541440+00:00', '--job-id', '9', '--raw', '--subdir', 'DAGS_FOLDER/olist_pipeline.py', '--cfg-path', '/tmp/tmp09hyserv']
[2026-07-22T02:22:32.207+0000] {standard_task_runner.py:105} INFO - Job 9: Subtask create_bigquery_tables
[2026-07-22T02:22:32.236+0000] {task_command.py:467} INFO - Running <TaskInstance: olist_gcp_data_engineering_pipeline.create_bigquery_tables manual__2026-07-22T02:21:53.541440+00:00 [running]> on host 702087d10316
[2026-07-22T02:22:32.285+0000] {taskinstance.py:3157} INFO - Exporting env vars: AIRFLOW_CTX_DAG_OWNER='Luqman' AIRFLOW_CTX_DAG_ID='olist_gcp_data_engineering_pipeline' AIRFLOW_CTX_TASK_ID='create_bigquery_tables' AIRFLOW_CTX_EXECUTION_DATE='2026-07-22T02:21:53.541440+00:00' AIRFLOW_CTX_TRY_NUMBER='1' AIRFLOW_CTX_DAG_RUN_ID='manual__2026-07-22T02:21:53.541440+00:00'
[2026-07-22T02:22:32.286+0000] {taskinstance.py:740} INFO - ::endgroup::
[2026-07-22T02:22:32.293+0000] {logging_mixin.py:190} INFO - ======================================================================
[2026-07-22T02:22:32.294+0000] {logging_mixin.py:190} INFO - Create BigQuery Tables
[2026-07-22T02:22:32.294+0000] {logging_mixin.py:190} INFO - ======================================================================
[2026-07-22T02:22:32.294+0000] {logging_mixin.py:190} INFO - Dataset : olist_analytics
[2026-07-22T02:22:32.295+0000] {logging_mixin.py:190} INFO - Dataset : olist_raw
[2026-07-22T02:22:32.675+0000] {logging_mixin.py:190} INFO - ✓ olist_customers_dataset
[2026-07-22T02:22:32.953+0000] {logging_mixin.py:190} INFO - ✓ olist_geolocation_dataset
[2026-07-22T02:22:33.211+0000] {logging_mixin.py:190} INFO - ✓ olist_order_items_dataset
[2026-07-22T02:22:33.454+0000] {logging_mixin.py:190} INFO - ✓ olist_order_payments_dataset
[2026-07-22T02:22:33.708+0000] {logging_mixin.py:190} INFO - ✓ olist_order_reviews_dataset
[2026-07-22T02:22:33.928+0000] {logging_mixin.py:190} INFO - ✓ olist_orders_dataset
[2026-07-22T02:22:34.211+0000] {logging_mixin.py:190} INFO - ✓ olist_products_dataset
[2026-07-22T02:22:34.530+0000] {logging_mixin.py:190} INFO - ✓ olist_sellers_dataset
[2026-07-22T02:22:34.787+0000] {logging_mixin.py:190} INFO - ✓ product_category_name_translation
[2026-07-22T02:22:35.019+0000] {logging_mixin.py:190} INFO - ✓ weather_historical
[2026-07-22T02:22:35.021+0000] {logging_mixin.py:190} INFO - ======================================================================
[2026-07-22T02:22:35.021+0000] {logging_mixin.py:190} INFO - Completed
[2026-07-22T02:22:35.022+0000] {logging_mixin.py:190} INFO - ======================================================================
[2026-07-22T02:22:35.022+0000] {python.py:240} INFO - Done. Returned value was: None
[2026-07-22T02:22:35.038+0000] {taskinstance.py:349} INFO - ::group::Post task execution logs
[2026-07-22T02:22:35.039+0000] {taskinstance.py:361} INFO - Marking task as SUCCESS. dag_id=olist_gcp_data_engineering_pipeline, task_id=create_bigquery_tables, run_id=manual__2026-07-22T02:21:53.541440+00:00, execution_date=20260722T022153, start_date=20260722T022232, end_date=20260722T022235
[2026-07-22T02:22:35.076+0000] {local_task_job_runner.py:266} INFO - Task exited with return code 0
[2026-07-22T02:22:35.096+0000] {taskinstance.py:3924} INFO - 1 downstream tasks scheduled from follow-on schedule check
[2026-07-22T02:22:35.097+0000] {local_task_job_runner.py:245} INFO - ::endgroup::
