[2026-07-22T02:22:22.102+0000] {local_task_job_runner.py:123} INFO - ::group::Pre task execution logs
[2026-07-22T02:22:22.117+0000] {taskinstance.py:2631} INFO - Dependencies all met for dep_context=non-requeueable deps ti=<TaskInstance: olist_gcp_data_engineering_pipeline.infer_olist_schema manual__2026-07-22T02:21:53.541440+00:00 [queued]>
[2026-07-22T02:22:22.122+0000] {taskinstance.py:2631} INFO - Dependencies all met for dep_context=requeueable deps ti=<TaskInstance: olist_gcp_data_engineering_pipeline.infer_olist_schema manual__2026-07-22T02:21:53.541440+00:00 [queued]>
[2026-07-22T02:22:22.122+0000] {taskinstance.py:2884} INFO - Starting attempt 1 of 3
[2026-07-22T02:22:22.129+0000] {taskinstance.py:2907} INFO - Executing <Task(PythonOperator): infer_olist_schema> on 2026-07-22 02:21:53.541440+00:00
[2026-07-22T02:22:22.132+0000] {standard_task_runner.py:72} INFO - Started process 201 to run task
[2026-07-22T02:22:22.135+0000] {standard_task_runner.py:104} INFO - Running: ['***', 'tasks', 'run', 'olist_gcp_data_engineering_pipeline', 'infer_olist_schema', 'manual__2026-07-22T02:21:53.541440+00:00', '--job-id', '4', '--raw', '--subdir', 'DAGS_FOLDER/olist_pipeline.py', '--cfg-path', '/tmp/tmpi5cwfqfu']
[2026-07-22T02:22:22.137+0000] {standard_task_runner.py:105} INFO - Job 4: Subtask infer_olist_schema
[2026-07-22T02:22:22.166+0000] {task_command.py:467} INFO - Running <TaskInstance: olist_gcp_data_engineering_pipeline.infer_olist_schema manual__2026-07-22T02:21:53.541440+00:00 [running]> on host 702087d10316
[2026-07-22T02:22:22.215+0000] {taskinstance.py:3157} INFO - Exporting env vars: AIRFLOW_CTX_DAG_OWNER='Luqman' AIRFLOW_CTX_DAG_ID='olist_gcp_data_engineering_pipeline' AIRFLOW_CTX_TASK_ID='infer_olist_schema' AIRFLOW_CTX_EXECUTION_DATE='2026-07-22T02:21:53.541440+00:00' AIRFLOW_CTX_TRY_NUMBER='1' AIRFLOW_CTX_DAG_RUN_ID='manual__2026-07-22T02:21:53.541440+00:00'
[2026-07-22T02:22:22.216+0000] {taskinstance.py:740} INFO - ::endgroup::
[2026-07-22T02:22:22.223+0000] {logging_mixin.py:190} INFO - ======================================================================
[2026-07-22T02:22:22.224+0000] {logging_mixin.py:190} INFO - Infer BigQuery Schemas
[2026-07-22T02:22:22.224+0000] {logging_mixin.py:190} INFO - ======================================================================
[2026-07-22T02:22:22.352+0000] {logging_mixin.py:190} INFO - ✓ olist_customers_dataset
[2026-07-22T02:22:22.914+0000] {logging_mixin.py:190} INFO - ✓ olist_geolocation_dataset
[2026-07-22T02:22:23.097+0000] {logging_mixin.py:190} INFO - ✓ olist_order_items_dataset
[2026-07-22T02:22:23.170+0000] {logging_mixin.py:190} INFO - ✓ olist_order_payments_dataset
[2026-07-22T02:22:23.427+0000] {logging_mixin.py:190} INFO - ✓ olist_order_reviews_dataset
[2026-07-22T02:22:23.699+0000] {logging_mixin.py:190} INFO - ✓ olist_orders_dataset
[2026-07-22T02:22:23.740+0000] {logging_mixin.py:190} INFO - ✓ olist_products_dataset
[2026-07-22T02:22:23.745+0000] {logging_mixin.py:190} INFO - ✓ olist_sellers_dataset
[2026-07-22T02:22:23.746+0000] {logging_mixin.py:190} INFO - ✓ product_category_name_translation
[2026-07-22T02:22:23.747+0000] {logging_mixin.py:190} INFO - ======================================================================
[2026-07-22T02:22:23.747+0000] {logging_mixin.py:190} INFO - Completed
[2026-07-22T02:22:23.747+0000] {logging_mixin.py:190} INFO - ======================================================================
[2026-07-22T02:22:23.747+0000] {logging_mixin.py:190} INFO - Schemas : 9
[2026-07-22T02:22:23.747+0000] {logging_mixin.py:190} INFO - Output  : /opt/***/schemas/olist_raw
[2026-07-22T02:22:23.748+0000] {python.py:240} INFO - Done. Returned value was: None
[2026-07-22T02:22:23.757+0000] {taskinstance.py:349} INFO - ::group::Post task execution logs
[2026-07-22T02:22:23.757+0000] {taskinstance.py:361} INFO - Marking task as SUCCESS. dag_id=olist_gcp_data_engineering_pipeline, task_id=infer_olist_schema, run_id=manual__2026-07-22T02:21:53.541440+00:00, execution_date=20260722T022153, start_date=20260722T022222, end_date=20260722T022223
[2026-07-22T02:22:23.805+0000] {local_task_job_runner.py:266} INFO - Task exited with return code 0
[2026-07-22T02:22:23.824+0000] {taskinstance.py:3924} INFO - 1 downstream tasks scheduled from follow-on schedule check
[2026-07-22T02:22:23.825+0000] {local_task_job_runner.py:245} INFO - ::endgroup::
