[2026-07-22T02:23:13.651+0000] {local_task_job_runner.py:123} INFO - ::group::Pre task execution logs
[2026-07-22T02:23:13.666+0000] {taskinstance.py:2631} INFO - Dependencies all met for dep_context=non-requeueable deps ti=<TaskInstance: olist_gcp_data_engineering_pipeline.load_weather_to_bigquery manual__2026-07-22T02:21:53.541440+00:00 [queued]>
[2026-07-22T02:23:13.672+0000] {taskinstance.py:2631} INFO - Dependencies all met for dep_context=requeueable deps ti=<TaskInstance: olist_gcp_data_engineering_pipeline.load_weather_to_bigquery manual__2026-07-22T02:21:53.541440+00:00 [queued]>
[2026-07-22T02:23:13.672+0000] {taskinstance.py:2884} INFO - Starting attempt 1 of 3
[2026-07-22T02:23:13.679+0000] {taskinstance.py:2907} INFO - Executing <Task(PythonOperator): load_weather_to_bigquery> on 2026-07-22 02:21:53.541440+00:00
[2026-07-22T02:23:13.682+0000] {standard_task_runner.py:72} INFO - Started process 240 to run task
[2026-07-22T02:23:13.684+0000] {standard_task_runner.py:104} INFO - Running: ['***', 'tasks', 'run', 'olist_gcp_data_engineering_pipeline', 'load_weather_to_bigquery', 'manual__2026-07-22T02:21:53.541440+00:00', '--job-id', '11', '--raw', '--subdir', 'DAGS_FOLDER/olist_pipeline.py', '--cfg-path', '/tmp/tmpvbjtp5s5']
[2026-07-22T02:23:13.686+0000] {standard_task_runner.py:105} INFO - Job 11: Subtask load_weather_to_bigquery
[2026-07-22T02:23:13.715+0000] {task_command.py:467} INFO - Running <TaskInstance: olist_gcp_data_engineering_pipeline.load_weather_to_bigquery manual__2026-07-22T02:21:53.541440+00:00 [running]> on host 702087d10316
[2026-07-22T02:23:13.765+0000] {taskinstance.py:3157} INFO - Exporting env vars: AIRFLOW_CTX_DAG_OWNER='Luqman' AIRFLOW_CTX_DAG_ID='olist_gcp_data_engineering_pipeline' AIRFLOW_CTX_TASK_ID='load_weather_to_bigquery' AIRFLOW_CTX_EXECUTION_DATE='2026-07-22T02:21:53.541440+00:00' AIRFLOW_CTX_TRY_NUMBER='1' AIRFLOW_CTX_DAG_RUN_ID='manual__2026-07-22T02:21:53.541440+00:00'
[2026-07-22T02:23:13.766+0000] {taskinstance.py:740} INFO - ::endgroup::
[2026-07-22T02:23:13.773+0000] {logging_mixin.py:190} INFO - ======================================================================
[2026-07-22T02:23:13.773+0000] {logging_mixin.py:190} INFO - Load Historical Weather
[2026-07-22T02:23:13.774+0000] {logging_mixin.py:190} INFO - ======================================================================
[2026-07-22T02:23:16.083+0000] {logging_mixin.py:190} INFO - Rows : 7,740
[2026-07-22T02:23:16.086+0000] {logging_mixin.py:190} INFO - ======================================================================
[2026-07-22T02:23:16.086+0000] {logging_mixin.py:190} INFO - Completed
[2026-07-22T02:23:16.086+0000] {logging_mixin.py:190} INFO - ======================================================================
[2026-07-22T02:23:16.087+0000] {python.py:240} INFO - Done. Returned value was: None
[2026-07-22T02:23:16.096+0000] {taskinstance.py:349} INFO - ::group::Post task execution logs
[2026-07-22T02:23:16.096+0000] {taskinstance.py:361} INFO - Marking task as SUCCESS. dag_id=olist_gcp_data_engineering_pipeline, task_id=load_weather_to_bigquery, run_id=manual__2026-07-22T02:21:53.541440+00:00, execution_date=20260722T022153, start_date=20260722T022313, end_date=20260722T022316
[2026-07-22T02:23:16.150+0000] {local_task_job_runner.py:266} INFO - Task exited with return code 0
[2026-07-22T02:23:16.168+0000] {taskinstance.py:3924} INFO - 0 downstream tasks scheduled from follow-on schedule check
[2026-07-22T02:23:16.169+0000] {local_task_job_runner.py:245} INFO - ::endgroup::
