[2026-07-22T04:09:59.517+0000] {local_task_job_runner.py:123} INFO - ::group::Pre task execution logs
[2026-07-22T04:09:59.533+0000] {taskinstance.py:2631} INFO - Dependencies all met for dep_context=non-requeueable deps ti=<TaskInstance: olist_gcp_data_engineering_pipeline.infer_weather_schema manual__2026-07-22T04:09:27.887367+00:00 [queued]>
[2026-07-22T04:09:59.538+0000] {taskinstance.py:2631} INFO - Dependencies all met for dep_context=requeueable deps ti=<TaskInstance: olist_gcp_data_engineering_pipeline.infer_weather_schema manual__2026-07-22T04:09:27.887367+00:00 [queued]>
[2026-07-22T04:09:59.538+0000] {taskinstance.py:2884} INFO - Starting attempt 1 of 3
[2026-07-22T04:09:59.545+0000] {taskinstance.py:2907} INFO - Executing <Task(PythonOperator): infer_weather_schema> on 2026-07-22 04:09:27.887367+00:00
[2026-07-22T04:09:59.548+0000] {standard_task_runner.py:72} INFO - Started process 248 to run task
[2026-07-22T04:09:59.550+0000] {standard_task_runner.py:104} INFO - Running: ['***', 'tasks', 'run', 'olist_gcp_data_engineering_pipeline', 'infer_weather_schema', 'manual__2026-07-22T04:09:27.887367+00:00', '--job-id', '5', '--raw', '--subdir', 'DAGS_FOLDER/olist_pipeline.py', '--cfg-path', '/tmp/tmpq1fp8o_8']
[2026-07-22T04:09:59.551+0000] {standard_task_runner.py:105} INFO - Job 5: Subtask infer_weather_schema
[2026-07-22T04:09:59.581+0000] {task_command.py:467} INFO - Running <TaskInstance: olist_gcp_data_engineering_pipeline.infer_weather_schema manual__2026-07-22T04:09:27.887367+00:00 [running]> on host 0539e6447189
[2026-07-22T04:09:59.630+0000] {taskinstance.py:3157} INFO - Exporting env vars: AIRFLOW_CTX_DAG_OWNER='Luqman' AIRFLOW_CTX_DAG_ID='olist_gcp_data_engineering_pipeline' AIRFLOW_CTX_TASK_ID='infer_weather_schema' AIRFLOW_CTX_EXECUTION_DATE='2026-07-22T04:09:27.887367+00:00' AIRFLOW_CTX_TRY_NUMBER='1' AIRFLOW_CTX_DAG_RUN_ID='manual__2026-07-22T04:09:27.887367+00:00'
[2026-07-22T04:09:59.631+0000] {taskinstance.py:740} INFO - ::endgroup::
[2026-07-22T04:09:59.638+0000] {logging_mixin.py:190} INFO - ======================================================================
[2026-07-22T04:09:59.638+0000] {logging_mixin.py:190} INFO - Infer Weather BigQuery Schema
[2026-07-22T04:09:59.639+0000] {logging_mixin.py:190} INFO - ======================================================================
[2026-07-22T04:09:59.640+0000] {logging_mixin.py:190} INFO - ======================================================================
[2026-07-22T04:09:59.640+0000] {logging_mixin.py:190} INFO - Completed
[2026-07-22T04:09:59.640+0000] {logging_mixin.py:190} INFO - ======================================================================
[2026-07-22T04:09:59.640+0000] {logging_mixin.py:190} INFO - Schema : /opt/***/schemas/olist_raw/weather_historical.json
[2026-07-22T04:09:59.641+0000] {python.py:240} INFO - Done. Returned value was: None
[2026-07-22T04:09:59.648+0000] {taskinstance.py:349} INFO - ::group::Post task execution logs
[2026-07-22T04:09:59.648+0000] {taskinstance.py:361} INFO - Marking task as SUCCESS. dag_id=olist_gcp_data_engineering_pipeline, task_id=infer_weather_schema, run_id=manual__2026-07-22T04:09:27.887367+00:00, execution_date=20260722T040927, start_date=20260722T040959, end_date=20260722T040959
[2026-07-22T04:09:59.687+0000] {local_task_job_runner.py:266} INFO - Task exited with return code 0
[2026-07-22T04:09:59.704+0000] {taskinstance.py:3924} INFO - 0 downstream tasks scheduled from follow-on schedule check
[2026-07-22T04:09:59.704+0000] {local_task_job_runner.py:245} INFO - ::endgroup::
