[2026-07-22T02:22:25.068+0000] {local_task_job_runner.py:123} INFO - ::group::Pre task execution logs
[2026-07-22T02:22:25.083+0000] {taskinstance.py:2631} INFO - Dependencies all met for dep_context=non-requeueable deps ti=<TaskInstance: olist_gcp_data_engineering_pipeline.infer_weather_schema manual__2026-07-22T02:21:53.541440+00:00 [queued]>
[2026-07-22T02:22:25.089+0000] {taskinstance.py:2631} INFO - Dependencies all met for dep_context=requeueable deps ti=<TaskInstance: olist_gcp_data_engineering_pipeline.infer_weather_schema manual__2026-07-22T02:21:53.541440+00:00 [queued]>
[2026-07-22T02:22:25.089+0000] {taskinstance.py:2884} INFO - Starting attempt 1 of 3
[2026-07-22T02:22:25.095+0000] {taskinstance.py:2907} INFO - Executing <Task(PythonOperator): infer_weather_schema> on 2026-07-22 02:21:53.541440+00:00
[2026-07-22T02:22:25.098+0000] {standard_task_runner.py:72} INFO - Started process 205 to run task
[2026-07-22T02:22:25.101+0000] {standard_task_runner.py:104} INFO - Running: ['***', 'tasks', 'run', 'olist_gcp_data_engineering_pipeline', 'infer_weather_schema', 'manual__2026-07-22T02:21:53.541440+00:00', '--job-id', '5', '--raw', '--subdir', 'DAGS_FOLDER/olist_pipeline.py', '--cfg-path', '/tmp/tmpbpnz9g0n']
[2026-07-22T02:22:25.102+0000] {standard_task_runner.py:105} INFO - Job 5: Subtask infer_weather_schema
[2026-07-22T02:22:25.132+0000] {task_command.py:467} INFO - Running <TaskInstance: olist_gcp_data_engineering_pipeline.infer_weather_schema manual__2026-07-22T02:21:53.541440+00:00 [running]> on host 702087d10316
[2026-07-22T02:22:25.180+0000] {taskinstance.py:3157} INFO - Exporting env vars: AIRFLOW_CTX_DAG_OWNER='Luqman' AIRFLOW_CTX_DAG_ID='olist_gcp_data_engineering_pipeline' AIRFLOW_CTX_TASK_ID='infer_weather_schema' AIRFLOW_CTX_EXECUTION_DATE='2026-07-22T02:21:53.541440+00:00' AIRFLOW_CTX_TRY_NUMBER='1' AIRFLOW_CTX_DAG_RUN_ID='manual__2026-07-22T02:21:53.541440+00:00'
[2026-07-22T02:22:25.181+0000] {taskinstance.py:740} INFO - ::endgroup::
[2026-07-22T02:22:25.188+0000] {logging_mixin.py:190} INFO - ======================================================================
[2026-07-22T02:22:25.188+0000] {logging_mixin.py:190} INFO - Infer Weather BigQuery Schema
[2026-07-22T02:22:25.189+0000] {logging_mixin.py:190} INFO - ======================================================================
[2026-07-22T02:22:25.191+0000] {logging_mixin.py:190} INFO - ======================================================================
[2026-07-22T02:22:25.191+0000] {logging_mixin.py:190} INFO - Completed
[2026-07-22T02:22:25.191+0000] {logging_mixin.py:190} INFO - ======================================================================
[2026-07-22T02:22:25.192+0000] {logging_mixin.py:190} INFO - Schema : /opt/***/schemas/olist_raw/weather_historical.json
[2026-07-22T02:22:25.192+0000] {python.py:240} INFO - Done. Returned value was: None
[2026-07-22T02:22:25.198+0000] {taskinstance.py:349} INFO - ::group::Post task execution logs
[2026-07-22T02:22:25.199+0000] {taskinstance.py:361} INFO - Marking task as SUCCESS. dag_id=olist_gcp_data_engineering_pipeline, task_id=infer_weather_schema, run_id=manual__2026-07-22T02:21:53.541440+00:00, execution_date=20260722T022153, start_date=20260722T022225, end_date=20260722T022225
[2026-07-22T02:22:25.240+0000] {local_task_job_runner.py:266} INFO - Task exited with return code 0
[2026-07-22T02:22:25.257+0000] {taskinstance.py:3924} INFO - 1 downstream tasks scheduled from follow-on schedule check
[2026-07-22T02:22:25.258+0000] {local_task_job_runner.py:245} INFO - ::endgroup::
