[2026-07-22T02:22:26.111+0000] {local_task_job_runner.py:123} INFO - ::group::Pre task execution logs
[2026-07-22T02:22:26.126+0000] {taskinstance.py:2631} INFO - Dependencies all met for dep_context=non-requeueable deps ti=<TaskInstance: olist_gcp_data_engineering_pipeline.upload_olist_to_gcs manual__2026-07-22T02:21:53.541440+00:00 [queued]>
[2026-07-22T02:22:26.132+0000] {taskinstance.py:2631} INFO - Dependencies all met for dep_context=requeueable deps ti=<TaskInstance: olist_gcp_data_engineering_pipeline.upload_olist_to_gcs manual__2026-07-22T02:21:53.541440+00:00 [queued]>
[2026-07-22T02:22:26.132+0000] {taskinstance.py:2884} INFO - Starting attempt 1 of 3
[2026-07-22T02:22:26.138+0000] {taskinstance.py:2907} INFO - Executing <Task(PythonOperator): upload_olist_to_gcs> on 2026-07-22 02:21:53.541440+00:00
[2026-07-22T02:22:26.141+0000] {standard_task_runner.py:72} INFO - Started process 209 to run task
[2026-07-22T02:22:26.143+0000] {standard_task_runner.py:104} INFO - Running: ['***', 'tasks', 'run', 'olist_gcp_data_engineering_pipeline', 'upload_olist_to_gcs', 'manual__2026-07-22T02:21:53.541440+00:00', '--job-id', '6', '--raw', '--subdir', 'DAGS_FOLDER/olist_pipeline.py', '--cfg-path', '/tmp/tmpy13ow7f9']
[2026-07-22T02:22:26.145+0000] {standard_task_runner.py:105} INFO - Job 6: Subtask upload_olist_to_gcs
[2026-07-22T02:22:26.174+0000] {task_command.py:467} INFO - Running <TaskInstance: olist_gcp_data_engineering_pipeline.upload_olist_to_gcs manual__2026-07-22T02:21:53.541440+00:00 [running]> on host 702087d10316
[2026-07-22T02:22:26.228+0000] {taskinstance.py:3157} INFO - Exporting env vars: AIRFLOW_CTX_DAG_OWNER='Luqman' AIRFLOW_CTX_DAG_ID='olist_gcp_data_engineering_pipeline' AIRFLOW_CTX_TASK_ID='upload_olist_to_gcs' AIRFLOW_CTX_EXECUTION_DATE='2026-07-22T02:21:53.541440+00:00' AIRFLOW_CTX_TRY_NUMBER='1' AIRFLOW_CTX_DAG_RUN_ID='manual__2026-07-22T02:21:53.541440+00:00'
[2026-07-22T02:22:26.229+0000] {taskinstance.py:740} INFO - ::endgroup::
[2026-07-22T02:22:26.236+0000] {logging_mixin.py:190} INFO - ======================================================================
[2026-07-22T02:22:26.237+0000] {logging_mixin.py:190} INFO - Upload Olist Dataset to Google Cloud Storage
[2026-07-22T02:22:26.237+0000] {logging_mixin.py:190} INFO - ======================================================================
[2026-07-22T02:22:26.460+0000] {logging_mixin.py:190} INFO - Skipped  : olist_customers_dataset.csv
[2026-07-22T02:22:26.501+0000] {logging_mixin.py:190} INFO - Skipped  : olist_geolocation_dataset.csv
[2026-07-22T02:22:26.552+0000] {logging_mixin.py:190} INFO - Skipped  : olist_order_items_dataset.csv
[2026-07-22T02:22:26.610+0000] {logging_mixin.py:190} INFO - Skipped  : olist_order_payments_dataset.csv
[2026-07-22T02:22:26.652+0000] {logging_mixin.py:190} INFO - Skipped  : olist_order_reviews_dataset.csv
[2026-07-22T02:22:26.703+0000] {logging_mixin.py:190} INFO - Skipped  : olist_orders_dataset.csv
[2026-07-22T02:22:26.763+0000] {logging_mixin.py:190} INFO - Skipped  : olist_products_dataset.csv
[2026-07-22T02:22:26.807+0000] {logging_mixin.py:190} INFO - Skipped  : olist_sellers_dataset.csv
[2026-07-22T02:22:26.851+0000] {logging_mixin.py:190} INFO - Skipped  : product_category_name_translation.csv
[2026-07-22T02:22:26.852+0000] {logging_mixin.py:190} INFO - ======================================================================
[2026-07-22T02:22:26.852+0000] {logging_mixin.py:190} INFO - Upload Completed
[2026-07-22T02:22:26.853+0000] {logging_mixin.py:190} INFO - ======================================================================
[2026-07-22T02:22:26.853+0000] {logging_mixin.py:190} INFO - Bucket : olist-gcp-data-lake-luqman
[2026-07-22T02:22:26.853+0000] {logging_mixin.py:190} INFO - Folder : gs://olist-gcp-data-lake-luqman/olist/raw/
[2026-07-22T02:22:26.854+0000] {python.py:240} INFO - Done. Returned value was: None
[2026-07-22T02:22:26.873+0000] {taskinstance.py:349} INFO - ::group::Post task execution logs
[2026-07-22T02:22:26.873+0000] {taskinstance.py:361} INFO - Marking task as SUCCESS. dag_id=olist_gcp_data_engineering_pipeline, task_id=upload_olist_to_gcs, run_id=manual__2026-07-22T02:21:53.541440+00:00, execution_date=20260722T022153, start_date=20260722T022226, end_date=20260722T022226
[2026-07-22T02:22:26.934+0000] {local_task_job_runner.py:266} INFO - Task exited with return code 0
[2026-07-22T02:22:26.956+0000] {taskinstance.py:3924} INFO - 1 downstream tasks scheduled from follow-on schedule check
[2026-07-22T02:22:26.958+0000] {local_task_job_runner.py:245} INFO - ::endgroup::
