[2026-07-22T04:10:11.485+0000] {local_task_job_runner.py:123} INFO - ::group::Pre task execution logs
[2026-07-22T04:10:11.500+0000] {taskinstance.py:2631} INFO - Dependencies all met for dep_context=non-requeueable deps ti=<TaskInstance: olist_gcp_data_engineering_pipeline.load_olist_to_bigquery manual__2026-07-22T04:09:27.887367+00:00 [queued]>
[2026-07-22T04:10:11.505+0000] {taskinstance.py:2631} INFO - Dependencies all met for dep_context=requeueable deps ti=<TaskInstance: olist_gcp_data_engineering_pipeline.load_olist_to_bigquery manual__2026-07-22T04:09:27.887367+00:00 [queued]>
[2026-07-22T04:10:11.506+0000] {taskinstance.py:2884} INFO - Starting attempt 1 of 3
[2026-07-22T04:10:11.512+0000] {taskinstance.py:2907} INFO - Executing <Task(PythonOperator): load_olist_to_bigquery> on 2026-07-22 04:09:27.887367+00:00
[2026-07-22T04:10:11.515+0000] {standard_task_runner.py:72} INFO - Started process 278 to run task
[2026-07-22T04:10:11.518+0000] {standard_task_runner.py:104} INFO - Running: ['***', 'tasks', 'run', 'olist_gcp_data_engineering_pipeline', 'load_olist_to_bigquery', 'manual__2026-07-22T04:09:27.887367+00:00', '--job-id', '10', '--raw', '--subdir', 'DAGS_FOLDER/olist_pipeline.py', '--cfg-path', '/tmp/tmp6g9hzfd8']
[2026-07-22T04:10:11.519+0000] {standard_task_runner.py:105} INFO - Job 10: Subtask load_olist_to_bigquery
[2026-07-22T04:10:11.549+0000] {task_command.py:467} INFO - Running <TaskInstance: olist_gcp_data_engineering_pipeline.load_olist_to_bigquery manual__2026-07-22T04:09:27.887367+00:00 [running]> on host 0539e6447189
[2026-07-22T04:10:11.598+0000] {taskinstance.py:3157} INFO - Exporting env vars: AIRFLOW_CTX_DAG_OWNER='Luqman' AIRFLOW_CTX_DAG_ID='olist_gcp_data_engineering_pipeline' AIRFLOW_CTX_TASK_ID='load_olist_to_bigquery' AIRFLOW_CTX_EXECUTION_DATE='2026-07-22T04:09:27.887367+00:00' AIRFLOW_CTX_TRY_NUMBER='1' AIRFLOW_CTX_DAG_RUN_ID='manual__2026-07-22T04:09:27.887367+00:00'
[2026-07-22T04:10:11.598+0000] {taskinstance.py:740} INFO - ::endgroup::
[2026-07-22T04:10:11.605+0000] {logging_mixin.py:190} INFO - ======================================================================
[2026-07-22T04:10:11.606+0000] {logging_mixin.py:190} INFO - Load Olist CSVs into BigQuery
[2026-07-22T04:10:11.606+0000] {logging_mixin.py:190} INFO - ======================================================================
[2026-07-22T04:10:17.207+0000] {logging_mixin.py:190} INFO - ✓ olist_customers_dataset                          99,441 rows
[2026-07-22T04:10:23.471+0000] {logging_mixin.py:190} INFO - ✓ olist_geolocation_dataset                     1,000,163 rows
[2026-07-22T04:10:26.819+0000] {logging_mixin.py:190} INFO - ✓ olist_order_items_dataset                       112,650 rows
[2026-07-22T04:10:30.899+0000] {logging_mixin.py:190} INFO - ✓ olist_order_payments_dataset                    103,886 rows
[2026-07-22T04:10:34.796+0000] {logging_mixin.py:190} INFO - ✓ olist_order_reviews_dataset                     100,000 rows
[2026-07-22T04:10:39.297+0000] {logging_mixin.py:190} INFO - ✓ olist_orders_dataset                             99,441 rows
[2026-07-22T04:10:41.772+0000] {logging_mixin.py:190} INFO - ✓ olist_products_dataset                           32,951 rows
[2026-07-22T04:10:44.651+0000] {logging_mixin.py:190} INFO - ✓ olist_sellers_dataset                             3,095 rows
[2026-07-22T04:10:47.549+0000] {logging_mixin.py:190} INFO - ✓ product_category_name_translation                    71 rows
[2026-07-22T04:10:47.552+0000] {logging_mixin.py:190} INFO - ======================================================================
[2026-07-22T04:10:47.552+0000] {logging_mixin.py:190} INFO - Completed
[2026-07-22T04:10:47.553+0000] {logging_mixin.py:190} INFO - ======================================================================
[2026-07-22T04:10:47.553+0000] {python.py:240} INFO - Done. Returned value was: None
[2026-07-22T04:10:47.573+0000] {taskinstance.py:349} INFO - ::group::Post task execution logs
[2026-07-22T04:10:47.573+0000] {taskinstance.py:361} INFO - Marking task as SUCCESS. dag_id=olist_gcp_data_engineering_pipeline, task_id=load_olist_to_bigquery, run_id=manual__2026-07-22T04:09:27.887367+00:00, execution_date=20260722T040927, start_date=20260722T041011, end_date=20260722T041047
[2026-07-22T04:10:47.621+0000] {local_task_job_runner.py:266} INFO - Task exited with return code 0
[2026-07-22T04:10:47.642+0000] {taskinstance.py:3924} INFO - 1 downstream tasks scheduled from follow-on schedule check
[2026-07-22T04:10:47.643+0000] {local_task_job_runner.py:245} INFO - ::endgroup::
