[2026-07-22T04:09:32.191+0000] {local_task_job_runner.py:123} INFO - ::group::Pre task execution logs
[2026-07-22T04:09:32.206+0000] {taskinstance.py:2631} INFO - Dependencies all met for dep_context=non-requeueable deps ti=<TaskInstance: olist_gcp_data_engineering_pipeline.fetch_weather_api manual__2026-07-22T04:09:27.887367+00:00 [queued]>
[2026-07-22T04:09:32.211+0000] {taskinstance.py:2631} INFO - Dependencies all met for dep_context=requeueable deps ti=<TaskInstance: olist_gcp_data_engineering_pipeline.fetch_weather_api manual__2026-07-22T04:09:27.887367+00:00 [queued]>
[2026-07-22T04:09:32.211+0000] {taskinstance.py:2884} INFO - Starting attempt 1 of 3
[2026-07-22T04:09:32.218+0000] {taskinstance.py:2907} INFO - Executing <Task(PythonOperator): fetch_weather_api> on 2026-07-22 04:09:27.887367+00:00
[2026-07-22T04:09:32.221+0000] {standard_task_runner.py:72} INFO - Started process 228 to run task
[2026-07-22T04:09:32.223+0000] {standard_task_runner.py:104} INFO - Running: ['***', 'tasks', 'run', 'olist_gcp_data_engineering_pipeline', 'fetch_weather_api', 'manual__2026-07-22T04:09:27.887367+00:00', '--job-id', '3', '--raw', '--subdir', 'DAGS_FOLDER/olist_pipeline.py', '--cfg-path', '/tmp/tmpy86egcg7']
[2026-07-22T04:09:32.225+0000] {standard_task_runner.py:105} INFO - Job 3: Subtask fetch_weather_api
[2026-07-22T04:09:32.255+0000] {task_command.py:467} INFO - Running <TaskInstance: olist_gcp_data_engineering_pipeline.fetch_weather_api manual__2026-07-22T04:09:27.887367+00:00 [running]> on host 0539e6447189
[2026-07-22T04:09:32.304+0000] {taskinstance.py:3157} INFO - Exporting env vars: AIRFLOW_CTX_DAG_OWNER='Luqman' AIRFLOW_CTX_DAG_ID='olist_gcp_data_engineering_pipeline' AIRFLOW_CTX_TASK_ID='fetch_weather_api' AIRFLOW_CTX_EXECUTION_DATE='2026-07-22T04:09:27.887367+00:00' AIRFLOW_CTX_TRY_NUMBER='1' AIRFLOW_CTX_DAG_RUN_ID='manual__2026-07-22T04:09:27.887367+00:00'
[2026-07-22T04:09:32.305+0000] {taskinstance.py:740} INFO - ::endgroup::
[2026-07-22T04:09:32.313+0000] {logging_mixin.py:190} INFO - ======================================================================
[2026-07-22T04:09:32.313+0000] {logging_mixin.py:190} INFO - Historical Weather Downloader
[2026-07-22T04:09:32.313+0000] {logging_mixin.py:190} INFO - ======================================================================
[2026-07-22T04:09:32.462+0000] {logging_mixin.py:190} INFO - Start Date : 2016-09-04
[2026-07-22T04:09:32.463+0000] {logging_mixin.py:190} INFO - End Date   : 2018-10-17
[2026-07-22T04:09:32.463+0000] {logging_mixin.py:190} INFO - Fetching Sao Paulo...
[2026-07-22T04:09:33.384+0000] {logging_mixin.py:190} INFO -   774 daily records
[2026-07-22T04:09:33.385+0000] {logging_mixin.py:190} INFO - Fetching Rio de Janeiro...
[2026-07-22T04:09:34.209+0000] {logging_mixin.py:190} INFO -   774 daily records
[2026-07-22T04:09:34.210+0000] {logging_mixin.py:190} INFO - Fetching Brasilia...
[2026-07-22T04:09:38.609+0000] {logging_mixin.py:190} INFO -   774 daily records
[2026-07-22T04:09:38.610+0000] {logging_mixin.py:190} INFO - Fetching Salvador...
[2026-07-22T04:09:39.465+0000] {logging_mixin.py:190} INFO -   774 daily records
[2026-07-22T04:09:39.466+0000] {logging_mixin.py:190} INFO - Fetching Fortaleza...
[2026-07-22T04:09:44.036+0000] {logging_mixin.py:190} INFO -   774 daily records
[2026-07-22T04:09:44.037+0000] {logging_mixin.py:190} INFO - Fetching Belo Horizonte...
[2026-07-22T04:09:44.873+0000] {logging_mixin.py:190} INFO -   774 daily records
[2026-07-22T04:09:44.874+0000] {logging_mixin.py:190} INFO - Fetching Curitiba...
[2026-07-22T04:09:49.290+0000] {logging_mixin.py:190} INFO -   774 daily records
[2026-07-22T04:09:49.292+0000] {logging_mixin.py:190} INFO - Fetching Manaus...
[2026-07-22T04:09:50.118+0000] {logging_mixin.py:190} INFO -   774 daily records
[2026-07-22T04:09:50.119+0000] {logging_mixin.py:190} INFO - Fetching Recife...
[2026-07-22T04:09:50.952+0000] {logging_mixin.py:190} INFO -   774 daily records
[2026-07-22T04:09:50.953+0000] {logging_mixin.py:190} INFO - Fetching Porto Alegre...
[2026-07-22T04:09:55.202+0000] {logging_mixin.py:190} INFO -   774 daily records
[2026-07-22T04:09:55.255+0000] {logging_mixin.py:190} INFO - ======================================================================
[2026-07-22T04:09:55.255+0000] {logging_mixin.py:190} INFO - Completed
[2026-07-22T04:09:55.255+0000] {logging_mixin.py:190} INFO - ======================================================================
[2026-07-22T04:09:55.255+0000] {logging_mixin.py:190} INFO - Cities          : 10
[2026-07-22T04:09:55.256+0000] {logging_mixin.py:190} INFO - Weather Records : 7740
[2026-07-22T04:09:55.256+0000] {logging_mixin.py:190} INFO - Output          : /opt/***/data/raw/weather/weather_historical.json
[2026-07-22T04:09:55.257+0000] {python.py:240} INFO - Done. Returned value was: None
[2026-07-22T04:09:55.267+0000] {taskinstance.py:349} INFO - ::group::Post task execution logs
[2026-07-22T04:09:55.267+0000] {taskinstance.py:361} INFO - Marking task as SUCCESS. dag_id=olist_gcp_data_engineering_pipeline, task_id=fetch_weather_api, run_id=manual__2026-07-22T04:09:27.887367+00:00, execution_date=20260722T040927, start_date=20260722T040932, end_date=20260722T040955
[2026-07-22T04:09:55.312+0000] {local_task_job_runner.py:266} INFO - Task exited with return code 0
[2026-07-22T04:09:55.330+0000] {taskinstance.py:3924} INFO - 1 downstream tasks scheduled from follow-on schedule check
[2026-07-22T04:09:55.330+0000] {local_task_job_runner.py:245} INFO - ::endgroup::
