[2026-07-22T02:22:36.188+0000] {local_task_job_runner.py:123} INFO - ::group::Pre task execution logs
[2026-07-22T02:22:36.203+0000] {taskinstance.py:2631} INFO - Dependencies all met for dep_context=non-requeueable deps ti=<TaskInstance: olist_gcp_data_engineering_pipeline.load_olist_to_bigquery manual__2026-07-22T02:21:53.541440+00:00 [queued]>
[2026-07-22T02:22:36.208+0000] {taskinstance.py:2631} INFO - Dependencies all met for dep_context=requeueable deps ti=<TaskInstance: olist_gcp_data_engineering_pipeline.load_olist_to_bigquery manual__2026-07-22T02:21:53.541440+00:00 [queued]>
[2026-07-22T02:22:36.209+0000] {taskinstance.py:2884} INFO - Starting attempt 1 of 3
[2026-07-22T02:22:36.215+0000] {taskinstance.py:2907} INFO - Executing <Task(PythonOperator): load_olist_to_bigquery> on 2026-07-22 02:21:53.541440+00:00
[2026-07-22T02:22:36.218+0000] {standard_task_runner.py:72} INFO - Started process 229 to run task
[2026-07-22T02:22:36.220+0000] {standard_task_runner.py:104} INFO - Running: ['***', 'tasks', 'run', 'olist_gcp_data_engineering_pipeline', 'load_olist_to_bigquery', 'manual__2026-07-22T02:21:53.541440+00:00', '--job-id', '10', '--raw', '--subdir', 'DAGS_FOLDER/olist_pipeline.py', '--cfg-path', '/tmp/tmpyrut5ay2']
[2026-07-22T02:22:36.222+0000] {standard_task_runner.py:105} INFO - Job 10: Subtask load_olist_to_bigquery
[2026-07-22T02:22:36.251+0000] {task_command.py:467} INFO - Running <TaskInstance: olist_gcp_data_engineering_pipeline.load_olist_to_bigquery manual__2026-07-22T02:21:53.541440+00:00 [running]> on host 702087d10316
[2026-07-22T02:22:36.300+0000] {taskinstance.py:3157} INFO - Exporting env vars: AIRFLOW_CTX_DAG_OWNER='Luqman' AIRFLOW_CTX_DAG_ID='olist_gcp_data_engineering_pipeline' AIRFLOW_CTX_TASK_ID='load_olist_to_bigquery' AIRFLOW_CTX_EXECUTION_DATE='2026-07-22T02:21:53.541440+00:00' AIRFLOW_CTX_TRY_NUMBER='1' AIRFLOW_CTX_DAG_RUN_ID='manual__2026-07-22T02:21:53.541440+00:00'
[2026-07-22T02:22:36.301+0000] {taskinstance.py:740} INFO - ::endgroup::
[2026-07-22T02:22:36.308+0000] {logging_mixin.py:190} INFO - ======================================================================
[2026-07-22T02:22:36.308+0000] {logging_mixin.py:190} INFO - Load Olist CSVs into BigQuery
[2026-07-22T02:22:36.308+0000] {logging_mixin.py:190} INFO - ======================================================================
[2026-07-22T02:22:40.883+0000] {logging_mixin.py:190} INFO - ✓ olist_customers_dataset                          99,441 rows
[2026-07-22T02:22:49.319+0000] {logging_mixin.py:190} INFO - ✓ olist_geolocation_dataset                     1,000,163 rows
[2026-07-22T02:22:52.972+0000] {logging_mixin.py:190} INFO - ✓ olist_order_items_dataset                       112,650 rows
[2026-07-22T02:22:55.958+0000] {logging_mixin.py:190} INFO - ✓ olist_order_payments_dataset                    103,886 rows
[2026-07-22T02:22:59.666+0000] {logging_mixin.py:190} INFO - ✓ olist_order_reviews_dataset                     100,000 rows
[2026-07-22T02:23:04.185+0000] {logging_mixin.py:190} INFO - ✓ olist_orders_dataset                             99,441 rows
[2026-07-22T02:23:06.910+0000] {logging_mixin.py:190} INFO - ✓ olist_products_dataset                           32,951 rows
[2026-07-22T02:23:10.020+0000] {logging_mixin.py:190} INFO - ✓ olist_sellers_dataset                             3,095 rows
[2026-07-22T02:23:12.568+0000] {logging_mixin.py:190} INFO - ✓ product_category_name_translation                    71 rows
[2026-07-22T02:23:12.570+0000] {logging_mixin.py:190} INFO - ======================================================================
[2026-07-22T02:23:12.570+0000] {logging_mixin.py:190} INFO - Completed
[2026-07-22T02:23:12.571+0000] {logging_mixin.py:190} INFO - ======================================================================
[2026-07-22T02:23:12.571+0000] {python.py:240} INFO - Done. Returned value was: None
[2026-07-22T02:23:12.587+0000] {taskinstance.py:349} INFO - ::group::Post task execution logs
[2026-07-22T02:23:12.588+0000] {taskinstance.py:361} INFO - Marking task as SUCCESS. dag_id=olist_gcp_data_engineering_pipeline, task_id=load_olist_to_bigquery, run_id=manual__2026-07-22T02:21:53.541440+00:00, execution_date=20260722T022153, start_date=20260722T022236, end_date=20260722T022312
[2026-07-22T02:23:12.647+0000] {local_task_job_runner.py:266} INFO - Task exited with return code 0
[2026-07-22T02:23:12.668+0000] {taskinstance.py:3924} INFO - 1 downstream tasks scheduled from follow-on schedule check
[2026-07-22T02:23:12.670+0000] {local_task_job_runner.py:245} INFO - ::endgroup::
