[2026-07-22T04:09:30.365+0000] {local_task_job_runner.py:123} INFO - ::group::Pre task execution logs
[2026-07-22T04:09:30.380+0000] {taskinstance.py:2631} INFO - Dependencies all met for dep_context=non-requeueable deps ti=<TaskInstance: olist_gcp_data_engineering_pipeline.download_olist_dataset manual__2026-07-22T04:09:27.887367+00:00 [queued]>
[2026-07-22T04:09:30.385+0000] {taskinstance.py:2631} INFO - Dependencies all met for dep_context=requeueable deps ti=<TaskInstance: olist_gcp_data_engineering_pipeline.download_olist_dataset manual__2026-07-22T04:09:27.887367+00:00 [queued]>
[2026-07-22T04:09:30.385+0000] {taskinstance.py:2884} INFO - Starting attempt 1 of 3
[2026-07-22T04:09:30.392+0000] {taskinstance.py:2907} INFO - Executing <Task(PythonOperator): download_olist_dataset> on 2026-07-22 04:09:27.887367+00:00
[2026-07-22T04:09:30.395+0000] {standard_task_runner.py:72} INFO - Started process 224 to run task
[2026-07-22T04:09:30.398+0000] {standard_task_runner.py:104} INFO - Running: ['***', 'tasks', 'run', 'olist_gcp_data_engineering_pipeline', 'download_olist_dataset', 'manual__2026-07-22T04:09:27.887367+00:00', '--job-id', '2', '--raw', '--subdir', 'DAGS_FOLDER/olist_pipeline.py', '--cfg-path', '/tmp/tmpu5_qh7y_']
[2026-07-22T04:09:30.399+0000] {standard_task_runner.py:105} INFO - Job 2: Subtask download_olist_dataset
[2026-07-22T04:09:30.438+0000] {task_command.py:467} INFO - Running <TaskInstance: olist_gcp_data_engineering_pipeline.download_olist_dataset manual__2026-07-22T04:09:27.887367+00:00 [running]> on host 0539e6447189
[2026-07-22T04:09:30.498+0000] {taskinstance.py:3157} INFO - Exporting env vars: AIRFLOW_CTX_DAG_OWNER='Luqman' AIRFLOW_CTX_DAG_ID='olist_gcp_data_engineering_pipeline' AIRFLOW_CTX_TASK_ID='download_olist_dataset' AIRFLOW_CTX_EXECUTION_DATE='2026-07-22T04:09:27.887367+00:00' AIRFLOW_CTX_TRY_NUMBER='1' AIRFLOW_CTX_DAG_RUN_ID='manual__2026-07-22T04:09:27.887367+00:00'
[2026-07-22T04:09:30.499+0000] {taskinstance.py:740} INFO - ::endgroup::
[2026-07-22T04:09:30.520+0000] {logging_mixin.py:190} INFO - ======================================================================
[2026-07-22T04:09:30.520+0000] {logging_mixin.py:190} INFO - Olist Dataset Download
[2026-07-22T04:09:30.520+0000] {logging_mixin.py:190} INFO - ======================================================================
[2026-07-22T04:09:30.522+0000] {logging_mixin.py:190} INFO - Dataset already exists.
[2026-07-22T04:09:30.522+0000] {logging_mixin.py:190} INFO - Location : /opt/***/data/raw/olist
[2026-07-22T04:09:30.522+0000] {logging_mixin.py:190} INFO - Skipping download.
[2026-07-22T04:09:30.522+0000] {python.py:240} INFO - Done. Returned value was: None
[2026-07-22T04:09:30.529+0000] {taskinstance.py:349} INFO - ::group::Post task execution logs
[2026-07-22T04:09:30.530+0000] {taskinstance.py:361} INFO - Marking task as SUCCESS. dag_id=olist_gcp_data_engineering_pipeline, task_id=download_olist_dataset, run_id=manual__2026-07-22T04:09:27.887367+00:00, execution_date=20260722T040927, start_date=20260722T040930, end_date=20260722T040930
[2026-07-22T04:09:30.578+0000] {local_task_job_runner.py:266} INFO - Task exited with return code 0
[2026-07-22T04:09:30.598+0000] {taskinstance.py:3924} INFO - 1 downstream tasks scheduled from follow-on schedule check
[2026-07-22T04:09:30.599+0000] {local_task_job_runner.py:245} INFO - ::endgroup::
