[2026-07-22T04:09:56.355+0000] {local_task_job_runner.py:123} INFO - ::group::Pre task execution logs
[2026-07-22T04:09:56.370+0000] {taskinstance.py:2631} INFO - Dependencies all met for dep_context=non-requeueable deps ti=<TaskInstance: olist_gcp_data_engineering_pipeline.infer_olist_schema manual__2026-07-22T04:09:27.887367+00:00 [queued]>
[2026-07-22T04:09:56.375+0000] {taskinstance.py:2631} INFO - Dependencies all met for dep_context=requeueable deps ti=<TaskInstance: olist_gcp_data_engineering_pipeline.infer_olist_schema manual__2026-07-22T04:09:27.887367+00:00 [queued]>
[2026-07-22T04:09:56.375+0000] {taskinstance.py:2884} INFO - Starting attempt 1 of 3
[2026-07-22T04:09:56.382+0000] {taskinstance.py:2907} INFO - Executing <Task(PythonOperator): infer_olist_schema> on 2026-07-22 04:09:27.887367+00:00
[2026-07-22T04:09:56.385+0000] {standard_task_runner.py:72} INFO - Started process 244 to run task
[2026-07-22T04:09:56.387+0000] {standard_task_runner.py:104} INFO - Running: ['***', 'tasks', 'run', 'olist_gcp_data_engineering_pipeline', 'infer_olist_schema', 'manual__2026-07-22T04:09:27.887367+00:00', '--job-id', '4', '--raw', '--subdir', 'DAGS_FOLDER/olist_pipeline.py', '--cfg-path', '/tmp/tmpo1jset62']
[2026-07-22T04:09:56.389+0000] {standard_task_runner.py:105} INFO - Job 4: Subtask infer_olist_schema
[2026-07-22T04:09:56.418+0000] {task_command.py:467} INFO - Running <TaskInstance: olist_gcp_data_engineering_pipeline.infer_olist_schema manual__2026-07-22T04:09:27.887367+00:00 [running]> on host 0539e6447189
[2026-07-22T04:09:56.467+0000] {taskinstance.py:3157} INFO - Exporting env vars: AIRFLOW_CTX_DAG_OWNER='Luqman' AIRFLOW_CTX_DAG_ID='olist_gcp_data_engineering_pipeline' AIRFLOW_CTX_TASK_ID='infer_olist_schema' AIRFLOW_CTX_EXECUTION_DATE='2026-07-22T04:09:27.887367+00:00' AIRFLOW_CTX_TRY_NUMBER='1' AIRFLOW_CTX_DAG_RUN_ID='manual__2026-07-22T04:09:27.887367+00:00'
[2026-07-22T04:09:56.468+0000] {taskinstance.py:740} INFO - ::endgroup::
[2026-07-22T04:09:56.475+0000] {logging_mixin.py:190} INFO - ======================================================================
[2026-07-22T04:09:56.475+0000] {logging_mixin.py:190} INFO - Infer BigQuery Schemas
[2026-07-22T04:09:56.476+0000] {logging_mixin.py:190} INFO - ======================================================================
[2026-07-22T04:09:56.598+0000] {logging_mixin.py:190} INFO - ✓ olist_customers_dataset
[2026-07-22T04:09:57.136+0000] {logging_mixin.py:190} INFO - ✓ olist_geolocation_dataset
[2026-07-22T04:09:57.326+0000] {logging_mixin.py:190} INFO - ✓ olist_order_items_dataset
[2026-07-22T04:09:57.401+0000] {logging_mixin.py:190} INFO - ✓ olist_order_payments_dataset
[2026-07-22T04:09:57.647+0000] {logging_mixin.py:190} INFO - ✓ olist_order_reviews_dataset
[2026-07-22T04:09:57.917+0000] {logging_mixin.py:190} INFO - ✓ olist_orders_dataset
[2026-07-22T04:09:57.953+0000] {logging_mixin.py:190} INFO - ✓ olist_products_dataset
[2026-07-22T04:09:57.958+0000] {logging_mixin.py:190} INFO - ✓ olist_sellers_dataset
[2026-07-22T04:09:57.960+0000] {logging_mixin.py:190} INFO - ✓ product_category_name_translation
[2026-07-22T04:09:57.960+0000] {logging_mixin.py:190} INFO - ======================================================================
[2026-07-22T04:09:57.960+0000] {logging_mixin.py:190} INFO - Completed
[2026-07-22T04:09:57.960+0000] {logging_mixin.py:190} INFO - ======================================================================
[2026-07-22T04:09:57.960+0000] {logging_mixin.py:190} INFO - Schemas : 9
[2026-07-22T04:09:57.961+0000] {logging_mixin.py:190} INFO - Output  : /opt/***/schemas/olist_raw
[2026-07-22T04:09:57.961+0000] {python.py:240} INFO - Done. Returned value was: None
[2026-07-22T04:09:57.969+0000] {taskinstance.py:349} INFO - ::group::Post task execution logs
[2026-07-22T04:09:57.969+0000] {taskinstance.py:361} INFO - Marking task as SUCCESS. dag_id=olist_gcp_data_engineering_pipeline, task_id=infer_olist_schema, run_id=manual__2026-07-22T04:09:27.887367+00:00, execution_date=20260722T040927, start_date=20260722T040956, end_date=20260722T040957
[2026-07-22T04:09:58.019+0000] {local_task_job_runner.py:266} INFO - Task exited with return code 0
[2026-07-22T04:09:58.038+0000] {taskinstance.py:3924} INFO - 1 downstream tasks scheduled from follow-on schedule check
[2026-07-22T04:09:58.038+0000] {local_task_job_runner.py:245} INFO - ::endgroup::
