[2026-07-22T02:22:28.252+0000] {local_task_job_runner.py:123} INFO - ::group::Pre task execution logs
[2026-07-22T02:22:28.267+0000] {taskinstance.py:2631} INFO - Dependencies all met for dep_context=non-requeueable deps ti=<TaskInstance: olist_gcp_data_engineering_pipeline.upload_weather_to_gcs manual__2026-07-22T02:21:53.541440+00:00 [queued]>
[2026-07-22T02:22:28.272+0000] {taskinstance.py:2631} INFO - Dependencies all met for dep_context=requeueable deps ti=<TaskInstance: olist_gcp_data_engineering_pipeline.upload_weather_to_gcs manual__2026-07-22T02:21:53.541440+00:00 [queued]>
[2026-07-22T02:22:28.272+0000] {taskinstance.py:2884} INFO - Starting attempt 1 of 3
[2026-07-22T02:22:28.279+0000] {taskinstance.py:2907} INFO - Executing <Task(PythonOperator): upload_weather_to_gcs> on 2026-07-22 02:21:53.541440+00:00
[2026-07-22T02:22:28.282+0000] {standard_task_runner.py:72} INFO - Started process 214 to run task
[2026-07-22T02:22:28.284+0000] {standard_task_runner.py:104} INFO - Running: ['***', 'tasks', 'run', 'olist_gcp_data_engineering_pipeline', 'upload_weather_to_gcs', 'manual__2026-07-22T02:21:53.541440+00:00', '--job-id', '7', '--raw', '--subdir', 'DAGS_FOLDER/olist_pipeline.py', '--cfg-path', '/tmp/tmpqr0q44a9']
[2026-07-22T02:22:28.286+0000] {standard_task_runner.py:105} INFO - Job 7: Subtask upload_weather_to_gcs
[2026-07-22T02:22:28.316+0000] {task_command.py:467} INFO - Running <TaskInstance: olist_gcp_data_engineering_pipeline.upload_weather_to_gcs manual__2026-07-22T02:21:53.541440+00:00 [running]> on host 702087d10316
[2026-07-22T02:22:28.365+0000] {taskinstance.py:3157} INFO - Exporting env vars: AIRFLOW_CTX_DAG_OWNER='Luqman' AIRFLOW_CTX_DAG_ID='olist_gcp_data_engineering_pipeline' AIRFLOW_CTX_TASK_ID='upload_weather_to_gcs' AIRFLOW_CTX_EXECUTION_DATE='2026-07-22T02:21:53.541440+00:00' AIRFLOW_CTX_TRY_NUMBER='1' AIRFLOW_CTX_DAG_RUN_ID='manual__2026-07-22T02:21:53.541440+00:00'
[2026-07-22T02:22:28.366+0000] {taskinstance.py:740} INFO - ::endgroup::
[2026-07-22T02:22:28.373+0000] {logging_mixin.py:190} INFO - ======================================================================
[2026-07-22T02:22:28.374+0000] {logging_mixin.py:190} INFO - Upload Historical Weather
[2026-07-22T02:22:28.374+0000] {logging_mixin.py:190} INFO - ======================================================================
[2026-07-22T02:22:28.541+0000] {logging_mixin.py:190} INFO - Weather dataset already exists.
[2026-07-22T02:22:28.541+0000] {logging_mixin.py:190} INFO - Skipping upload.
[2026-07-22T02:22:28.541+0000] {python.py:240} INFO - Done. Returned value was: None
[2026-07-22T02:22:28.549+0000] {taskinstance.py:349} INFO - ::group::Post task execution logs
[2026-07-22T02:22:28.549+0000] {taskinstance.py:361} INFO - Marking task as SUCCESS. dag_id=olist_gcp_data_engineering_pipeline, task_id=upload_weather_to_gcs, run_id=manual__2026-07-22T02:21:53.541440+00:00, execution_date=20260722T022153, start_date=20260722T022228, end_date=20260722T022228
[2026-07-22T02:22:28.588+0000] {local_task_job_runner.py:266} INFO - Task exited with return code 0
[2026-07-22T02:22:28.608+0000] {taskinstance.py:3924} INFO - 1 downstream tasks scheduled from follow-on schedule check
[2026-07-22T02:22:28.609+0000] {local_task_job_runner.py:245} INFO - ::endgroup::
