[2026-07-22T02:21:57.959+0000] {local_task_job_runner.py:123} INFO - ::group::Pre task execution logs
[2026-07-22T02:21:57.974+0000] {taskinstance.py:2631} INFO - Dependencies all met for dep_context=non-requeueable deps ti=<TaskInstance: olist_gcp_data_engineering_pipeline.fetch_weather_api manual__2026-07-22T02:21:53.541440+00:00 [queued]>
[2026-07-22T02:21:57.979+0000] {taskinstance.py:2631} INFO - Dependencies all met for dep_context=requeueable deps ti=<TaskInstance: olist_gcp_data_engineering_pipeline.fetch_weather_api manual__2026-07-22T02:21:53.541440+00:00 [queued]>
[2026-07-22T02:21:57.979+0000] {taskinstance.py:2884} INFO - Starting attempt 1 of 3
[2026-07-22T02:21:57.986+0000] {taskinstance.py:2907} INFO - Executing <Task(PythonOperator): fetch_weather_api> on 2026-07-22 02:21:53.541440+00:00
[2026-07-22T02:21:57.989+0000] {standard_task_runner.py:72} INFO - Started process 191 to run task
[2026-07-22T02:21:57.991+0000] {standard_task_runner.py:104} INFO - Running: ['***', 'tasks', 'run', 'olist_gcp_data_engineering_pipeline', 'fetch_weather_api', 'manual__2026-07-22T02:21:53.541440+00:00', '--job-id', '3', '--raw', '--subdir', 'DAGS_FOLDER/olist_pipeline.py', '--cfg-path', '/tmp/tmp85cwqdzp']
[2026-07-22T02:21:57.993+0000] {standard_task_runner.py:105} INFO - Job 3: Subtask fetch_weather_api
[2026-07-22T02:21:58.023+0000] {task_command.py:467} INFO - Running <TaskInstance: olist_gcp_data_engineering_pipeline.fetch_weather_api manual__2026-07-22T02:21:53.541440+00:00 [running]> on host 702087d10316
[2026-07-22T02:21:58.074+0000] {taskinstance.py:3157} INFO - Exporting env vars: AIRFLOW_CTX_DAG_OWNER='Luqman' AIRFLOW_CTX_DAG_ID='olist_gcp_data_engineering_pipeline' AIRFLOW_CTX_TASK_ID='fetch_weather_api' AIRFLOW_CTX_EXECUTION_DATE='2026-07-22T02:21:53.541440+00:00' AIRFLOW_CTX_TRY_NUMBER='1' AIRFLOW_CTX_DAG_RUN_ID='manual__2026-07-22T02:21:53.541440+00:00'
[2026-07-22T02:21:58.075+0000] {taskinstance.py:740} INFO - ::endgroup::
[2026-07-22T02:21:58.082+0000] {logging_mixin.py:190} INFO - ======================================================================
[2026-07-22T02:21:58.083+0000] {logging_mixin.py:190} INFO - Historical Weather Downloader
[2026-07-22T02:21:58.083+0000] {logging_mixin.py:190} INFO - ======================================================================
[2026-07-22T02:21:58.240+0000] {logging_mixin.py:190} INFO - Start Date : 2016-09-04
[2026-07-22T02:21:58.240+0000] {logging_mixin.py:190} INFO - End Date   : 2018-10-17
[2026-07-22T02:21:58.241+0000] {logging_mixin.py:190} INFO - Fetching Sao Paulo...
[2026-07-22T02:21:59.151+0000] {logging_mixin.py:190} INFO -   774 daily records
[2026-07-22T02:21:59.152+0000] {logging_mixin.py:190} INFO - Fetching Rio de Janeiro...
[2026-07-22T02:22:03.271+0000] {logging_mixin.py:190} INFO -   774 daily records
[2026-07-22T02:22:03.272+0000] {logging_mixin.py:190} INFO - Fetching Brasilia...
[2026-07-22T02:22:04.208+0000] {logging_mixin.py:190} INFO -   774 daily records
[2026-07-22T02:22:04.210+0000] {logging_mixin.py:190} INFO - Fetching Salvador...
[2026-07-22T02:22:05.051+0000] {logging_mixin.py:190} INFO -   774 daily records
[2026-07-22T02:22:05.052+0000] {logging_mixin.py:190} INFO - Fetching Fortaleza...
[2026-07-22T02:22:05.877+0000] {logging_mixin.py:190} INFO -   774 daily records
[2026-07-22T02:22:05.878+0000] {logging_mixin.py:190} INFO - Fetching Belo Horizonte...
[2026-07-22T02:22:09.628+0000] {logging_mixin.py:190} INFO -   774 daily records
[2026-07-22T02:22:09.629+0000] {logging_mixin.py:190} INFO - Fetching Curitiba...
[2026-07-22T02:22:10.457+0000] {logging_mixin.py:190} INFO -   774 daily records
[2026-07-22T02:22:10.459+0000] {logging_mixin.py:190} INFO - Fetching Manaus...
[2026-07-22T02:22:14.767+0000] {logging_mixin.py:190} INFO -   774 daily records
[2026-07-22T02:22:14.769+0000] {logging_mixin.py:190} INFO - Fetching Recife...
[2026-07-22T02:22:16.126+0000] {logging_mixin.py:190} INFO -   774 daily records
[2026-07-22T02:22:16.127+0000] {logging_mixin.py:190} INFO - Fetching Porto Alegre...
[2026-07-22T02:22:20.374+0000] {logging_mixin.py:190} INFO -   774 daily records
[2026-07-22T02:22:20.426+0000] {logging_mixin.py:190} INFO - ======================================================================
[2026-07-22T02:22:20.427+0000] {logging_mixin.py:190} INFO - Completed
[2026-07-22T02:22:20.427+0000] {logging_mixin.py:190} INFO - ======================================================================
[2026-07-22T02:22:20.427+0000] {logging_mixin.py:190} INFO - Cities          : 10
[2026-07-22T02:22:20.427+0000] {logging_mixin.py:190} INFO - Weather Records : 7740
[2026-07-22T02:22:20.427+0000] {logging_mixin.py:190} INFO - Output          : /opt/***/data/raw/weather/weather_historical.json
[2026-07-22T02:22:20.428+0000] {python.py:240} INFO - Done. Returned value was: None
[2026-07-22T02:22:20.436+0000] {taskinstance.py:349} INFO - ::group::Post task execution logs
[2026-07-22T02:22:20.436+0000] {taskinstance.py:361} INFO - Marking task as SUCCESS. dag_id=olist_gcp_data_engineering_pipeline, task_id=fetch_weather_api, run_id=manual__2026-07-22T02:21:53.541440+00:00, execution_date=20260722T022153, start_date=20260722T022157, end_date=20260722T022220
[2026-07-22T02:22:20.491+0000] {local_task_job_runner.py:266} INFO - Task exited with return code 0
[2026-07-22T02:22:20.508+0000] {taskinstance.py:3924} INFO - 1 downstream tasks scheduled from follow-on schedule check
[2026-07-22T02:22:20.508+0000] {local_task_job_runner.py:245} INFO - ::endgroup::
